tone-burst ABR protocol...
 0.50  20  19.2 13.1
 0.50  40  39.2 10.9
 0.50  60  59.2  8.0
 0.50  80  79.2  3.7
 1.00  20  20.0  8.6
 1.00  40  40.0  6.9
 1.00  60  60.0  5.0
 1.00  80  80.0  2.7
 2.00  20  20.4  5.8
 2.00  40  40.4  4.4
 2.00  60  60.4  3.2
 2.00  80  80.4  2.2
 4.00  20  20.8  4.0
 4.00  40  40.8  3.0
 4.00  60  60.8  2.1
 4.00  80  80.8  1.5
tbabr protocol computation time = 253.944 (sec)
; mlv plv dly prbmax
   40  20  10 4.73e+08
   40  20  20 5.97e+08
   40  20  40 8.22e+08
   60  20  10    3e+08
   60  20  20 3.96e+08
   60  20  40 6.35e+08
   80  20  10 5.59e+08
   80  20  20 2.96e+08
   80  20  40  4.9e+08
fwdmsk protocol computation time = 2140.620 (sec)
  -90  20  20  1.4e+09
loudness growth protocol: single tone
 1.00   0  0.00  2.83
 1.00  20  0.00  6.56
 1.00  40  0.00 13.75
 1.00  60  0.00 21.22
 1.00  80  0.00 32.44
 1.00 100  0.00 46.91
ldngrw protocol computation time = 957.641 (sec)
tone-burst ABR protocol...
 0.50  20  19.2 13.2
 0.50  40  39.2 11.1
 0.50  60  59.2  8.1
 0.50  80  79.2  3.8
 1.00  20  20.0  8.6
 1.00  40  40.0  7.0
 1.00  60  60.0  5.2
 1.00  80  80.0  2.7
 2.00  20  20.4  5.8
 2.00  40  40.4  4.4
 2.00  60  60.4  3.3
 2.00  80  80.4  2.2
 4.00  20  20.8  4.0
 4.00  40  40.8  3.1
 4.00  60  60.8  2.2
 4.00  80  80.8  1.5
tbabr protocol computation time = 267.956 (sec)
forward-masking protocol...
; mlv plv dly prbmax
   40  20  20 6.25e+08
   60  20  20 4.04e+08
   80  20  20 2.91e+08
  -90  20  20 2.91e+08
fwdmsk protocol computation time = 966.632 (sec)
loudness growth protocol: single tone
 1.00   0  0.00  2.90
 1.00  20  0.00  8.31
 1.00  40  0.00 15.95
 1.00  60  0.00 25.53
 1.00  80  0.00 40.64
 1.00 100  0.00 60.08
ldngrw protocol computation time = 999.654 (sec)
